
> xhedge-frontend@0.1.0 build
> next build

node.exe : 'next' is 
not recognized as an 
internal or external 
command,
At line:1 char:1
+ & "C:\nvm4w\nodejs/no
de.exe" "C:\Users\EMMA\
AppData\Roaming\npm/nod
e_ ...
+ ~~~~~~~~~~~~~~~~~~~~~
~~~~~~~~~~~~~~~~~~~~~~~
~~~~~~~~~~~~~~~~~~~~~~~
~~
    + CategoryInfo     
         : NotSpecifi  
  ed: ('next' is not   
  r...ternal comman    
d,:String) [], Rem    
oteException
    + FullyQualifiedEr 
   rorId : NativeComm  
  andError
 
operable program or 
batch file.
